Warning: You are sending unauthenticated requests to the HF Hub. Please set a HF_TOKEN to enable higher rate limits and faster downloads.
Loading weights:   0%|          | 0/199 [00:00<?, ?it/s]Loading weights: 100%|##########| 199/199 [00:00<00:00, 2594.69it/s]
  tagged 4,000 passages (31s)
  tagged 8,000 passages (33s)
  tagged 12,000 passages (35s)
  tagged 16,000 passages (37s)
  tagged 20,000 passages (39s)
  tagged 24,000 passages (41s)
  tagged 28,000 passages (43s)
  tagged 32,000 passages (45s)
  tagged 36,000 passages (47s)
  tagged 40,000 passages (49s)
  tagged 44,000 passages (51s)
  tagged 48,000 passages (52s)
  tagged 52,000 passages (54s)
  tagged 56,000 passages (56s)
  tagged 60,000 passages (58s)
  tagged 64,000 passages (60s)
  tagged 68,000 passages (62s)
  tagged 72,000 passages (64s)
  tagged 76,000 passages (66s)
  tagged 80,000 passages (68s)
  tagged 84,000 passages (70s)
  tagged 88,000 passages (72s)
  tagged 92,000 passages (74s)
  tagged 96,000 passages (76s)
  tagged 100,000 passages (83s)
done: 100,000 passages tagged in 82.7s — no re-embedding, no re-index
  Health & Medicine         20,035  (20.0%)
  Money & Finance           10,603  (10.6%)
  Language & Education      10,186  (10.2%)
  Food & Nutrition           9,348  (9.3%)
  Animals & Nature           9,052  (9.1%)
  Science                    8,959  (9.0%)
  Places & Travel            8,271  (8.3%)
  Business & Careers         5,896  (5.9%)
  Home & Construction        4,390  (4.4%)
  History & Society          2,824  (2.8%)
  Law & Government           2,705  (2.7%)
  Arts & Entertainment       2,006  (2.0%)
  Sports & Fitness           1,983  (2.0%)
  Transport & Vehicles       1,894  (1.9%)
  Technology                 1,848  (1.8%)
  source types: {'commercial': 43727, 'reference': 15667, 'community': 11429, 'health': 8602, 'organization': 7928, 'education': 5053, 'government': 4300, 'news': 3294}
