Warning: You are sending unauthenticated requests to the HF Hub. Please set a HF_TOKEN to enable higher rate limits and faster downloads.
Loading weights:   0%|          | 0/199 [00:00<?, ?it/s]Loading weights:  28%|##7       | 55/199 [00:00<00:00, 512.46it/s]Loading weights:  54%|#####3    | 107/199 [00:00<00:00, 514.98it/s]Loading weights: 100%|##########| 199/199 [00:00<00:00, 793.78it/s]
  tagged 4,000 passages (24s)
  tagged 8,000 passages (31s)
  tagged 12,000 passages (36s)
  tagged 16,000 passages (42s)
  tagged 20,000 passages (48s)
  tagged 24,000 passages (53s)
  tagged 28,000 passages (57s)
  tagged 32,000 passages (63s)
  tagged 36,000 passages (68s)
  tagged 40,000 passages (74s)
  tagged 44,000 passages (80s)
  tagged 48,000 passages (84s)
  tagged 52,000 passages (88s)
  tagged 56,000 passages (92s)
  tagged 60,000 passages (96s)
  tagged 64,000 passages (99s)
  tagged 68,000 passages (104s)
  tagged 72,000 passages (108s)
  tagged 76,000 passages (113s)
  tagged 80,000 passages (117s)
  tagged 84,000 passages (121s)
  tagged 88,000 passages (127s)
  tagged 92,000 passages (132s)
  tagged 96,000 passages (136s)
  tagged 100,000 passages (141s)
  tagged 100,003 passages (141s)
done: 100,003 passages tagged in 140.9s — no re-embedding, no re-index
  Health & Medicine         20,035  (20.0%)
  Money & Finance           10,606  (10.6%)
  Language & Education      10,186  (10.2%)
  Food & Nutrition           9,348  (9.3%)
  Animals & Nature           9,052  (9.1%)
  Science                    8,959  (9.0%)
  Places & Travel            8,271  (8.3%)
  Business & Careers         5,896  (5.9%)
  Home & Construction        4,390  (4.4%)
  History & Society          2,824  (2.8%)
  Law & Government           2,705  (2.7%)
  Arts & Entertainment       2,006  (2.0%)
  Sports & Fitness           1,983  (2.0%)
  Transport & Vehicles       1,894  (1.9%)
  Technology                 1,848  (1.8%)
  source types: {'commercial': 43730, 'reference': 15667, 'community': 11429, 'health': 8602, 'organization': 7928, 'education': 5053, 'government': 4300, 'news': 3294}
Warning: You are sending unauthenticated requests to the HF Hub. Please set a HF_TOKEN to enable higher rate limits and faster downloads.
Loading weights:   0%|          | 0/199 [00:00<?, ?it/s]Loading weights:  37%|###7      | 74/199 [00:00<00:00, 707.64it/s]Loading weights: 100%|##########| 199/199 [00:00<00:00, 1261.15it/s]
  tagged 4,000 passages (36s)
  tagged 8,000 passages (42s)
  tagged 12,000 passages (46s)
  tagged 16,000 passages (51s)
  tagged 20,000 passages (55s)
  tagged 24,000 passages (63s)
  tagged 28,000 passages (68s)
  tagged 32,000 passages (77s)
  tagged 36,000 passages (84s)
  tagged 40,000 passages (92s)
  tagged 44,000 passages (97s)
  tagged 48,000 passages (105s)
  tagged 52,000 passages (113s)
  tagged 56,000 passages (120s)
  tagged 60,000 passages (125s)
  tagged 64,000 passages (134s)
  tagged 68,000 passages (141s)
  tagged 72,000 passages (149s)
  tagged 76,000 passages (154s)
  tagged 80,000 passages (163s)
  tagged 84,000 passages (169s)
  tagged 88,000 passages (177s)
  tagged 92,000 passages (184s)
  tagged 96,000 passages (192s)
  tagged 100,000 passages (197s)
  tagged 104,000 passages (207s)
  tagged 108,000 passages (213s)
  tagged 112,000 passages (221s)
  tagged 116,000 passages (226s)
  tagged 120,000 passages (235s)
  tagged 124,000 passages (240s)
  tagged 128,000 passages (246s)
  tagged 132,000 passages (252s)
  tagged 136,000 passages (260s)
  tagged 140,000 passages (265s)
  tagged 144,000 passages (271s)
  tagged 148,000 passages (276s)
  tagged 152,000 passages (286s)
  tagged 156,000 passages (291s)
  tagged 160,000 passages (299s)
  tagged 164,000 passages (306s)
  tagged 168,000 passages (314s)
  tagged 172,000 passages (322s)
  tagged 176,000 passages (330s)
  tagged 180,000 passages (336s)
  tagged 184,000 passages (344s)
  tagged 188,000 passages (351s)
  tagged 192,000 passages (359s)
  tagged 196,000 passages (365s)
  tagged 200,000 passages (370s)
  tagged 204,000 passages (375s)
  tagged 208,000 passages (382s)
  tagged 212,000 passages (390s)
  tagged 216,000 passages (399s)
  tagged 220,000 passages (406s)
  tagged 224,000 passages (414s)
  tagged 228,000 passages (422s)
  tagged 232,000 passages (427s)
  tagged 236,000 passages (436s)
  tagged 240,000 passages (444s)
  tagged 244,000 passages (450s)
  tagged 248,000 passages (464s)
  tagged 252,000 passages (473s)
  tagged 256,000 passages (481s)
  tagged 260,000 passages (485s)
  tagged 264,000 passages (493s)
  tagged 268,000 passages (496s)
  tagged 272,000 passages (498s)
  tagged 276,000 passages (502s)
  tagged 280,000 passages (505s)
  tagged 284,000 passages (507s)
  tagged 288,000 passages (509s)
  tagged 292,000 passages (511s)
  tagged 296,000 passages (513s)
  tagged 300,000 passages (514s)
  tagged 304,000 passages (517s)
  tagged 308,000 passages (520s)
  tagged 312,000 passages (523s)
  tagged 316,000 passages (526s)
  tagged 320,000 passages (528s)
  tagged 324,000 passages (530s)
  tagged 328,000 passages (532s)
  tagged 332,000 passages (535s)
  tagged 336,000 passages (538s)
  tagged 340,000 passages (541s)
  tagged 344,000 passages (543s)
  tagged 348,000 passages (545s)
  tagged 352,000 passages (547s)
  tagged 356,000 passages (549s)
  tagged 360,000 passages (551s)
  tagged 364,000 passages (555s)
  tagged 368,000 passages (557s)
  tagged 372,000 passages (560s)
  tagged 376,000 passages (562s)
  tagged 380,000 passages (565s)
  tagged 384,000 passages (568s)
  tagged 388,000 passages (570s)
  tagged 392,000 passages (573s)
  tagged 396,000 passages (575s)
  tagged 400,000 passages (578s)
  tagged 404,000 passages (590s)
  tagged 408,000 passages (593s)
  tagged 412,000 passages (595s)
  tagged 416,000 passages (597s)
  tagged 420,000 passages (599s)
  tagged 424,000 passages (601s)
  tagged 428,000 passages (605s)
  tagged 432,000 passages (607s)
  tagged 436,000 passages (611s)
  tagged 440,000 passages (614s)
  tagged 444,000 passages (615s)
  tagged 448,000 passages (617s)
  tagged 452,000 passages (620s)
  tagged 456,000 passages (623s)
  tagged 460,000 passages (625s)
  tagged 464,000 passages (627s)
  tagged 468,000 passages (628s)
  tagged 472,000 passages (630s)
  tagged 476,000 passages (632s)
  tagged 480,000 passages (636s)
  tagged 484,000 passages (639s)
  tagged 488,000 passages (646s)
  tagged 492,000 passages (650s)
  tagged 496,000 passages (653s)
  tagged 500,000 passages (663s)
done: 500,000 passages tagged in 663.1s — no re-embedding, no re-index
  Health & Medicine        100,758  (20.2%)
  Language & Education      52,552  (10.5%)
  Money & Finance           51,570  (10.3%)
  Food & Nutrition          46,772  (9.4%)
  Animals & Nature          44,851  (9.0%)
  Science                   44,402  (8.9%)
  Places & Travel           42,558  (8.5%)
  Business & Careers        29,432  (5.9%)
  Home & Construction       20,022  (4.0%)
  Law & Government          13,868  (2.8%)
  History & Society         13,761  (2.8%)
  Arts & Entertainment      11,107  (2.2%)
  Sports & Fitness           9,997  (2.0%)
  Transport & Vehicles       9,444  (1.9%)
  Technology                 8,906  (1.8%)
  source types: {'commercial': 220336, 'reference': 79057, 'community': 58095, 'health': 41684, 'organization': 39444, 'education': 24511, 'government': 21223, 'news': 15650}
