Warning: You are sending unauthenticated requests to the HF Hub. Please set a HF_TOKEN to enable higher rate limits and faster downloads.
corpus: 500,000 unique passages (80,797 validation) in 29s | profile=gpu device=cuda
Loading weights:   0%|          | 0/199 [00:00<?, ?it/s]Loading weights: 100%|##########| 199/199 [00:00<00:00, 2654.14it/s]
  32,768/500,000  dense 0.5 min | bm25 0.1 min | upload 0.3 min
  65,536/500,000  dense 1.1 min | bm25 0.2 min | upload 0.6 min
  98,304/500,000  dense 1.6 min | bm25 0.4 min | upload 0.9 min
  131,072/500,000  dense 2.3 min | bm25 0.6 min | upload 1.4 min
  163,840/500,000  dense 2.9 min | bm25 0.7 min | upload 1.8 min
  196,608/500,000  dense 3.5 min | bm25 0.8 min | upload 2.1 min
  229,376/500,000  dense 4.0 min | bm25 0.9 min | upload 2.3 min
  262,144/500,000  dense 4.6 min | bm25 1.0 min | upload 2.6 min
  294,912/500,000  dense 5.1 min | bm25 1.1 min | upload 2.9 min
  327,680/500,000  dense 5.7 min | bm25 1.2 min | upload 3.2 min
  360,448/500,000  dense 6.3 min | bm25 1.3 min | upload 3.5 min
  393,216/500,000  dense 6.9 min | bm25 1.4 min | upload 3.8 min
  425,984/500,000  dense 7.5 min | bm25 1.6 min | upload 4.1 min
  458,752/500,000  dense 8.1 min | bm25 1.8 min | upload 4.4 min
  491,520/500,000  dense 8.6 min | bm25 2.0 min | upload 4.7 min
  500,000/500,000  dense 8.8 min | bm25 2.0 min | upload 4.7 min
DONE: 500,000 points in 16.8 min (limit 120) -> PASS | saved index_build_500000.json
